Archive member included to satisfy reference by file (symbol)

c:/program files/microchip/xc8/v2.41/avr/bin/../lib/gcc/avr/5.4.0/avr5/memx-const\libgcc.a(_copy_data.o)
                              Library/atmega32u4mapping.o (__do_clear_bss)
c:/program files/microchip/xc8/v2.41/avr/bin/../lib/gcc/avr/5.4.0/../../../../avr/lib/avr5/memx-const\libc.a(exit.o)
                              C:/Program Files (x86)/Atmel/Studio/7.0/Packs/Atmel/ATmega_DFP/2.0.401/xc8/avr/lib/avr5/memx-const/crtatmega32u4.o (exit)
c:/program files/microchip/xc8/v2.41/avr/bin/../lib/gcc/avr/5.4.0/../../../../avr/lib/avr5/memx-const\libc.a(_Exit.o)
                              c:/program files/microchip/xc8/v2.41/avr/bin/../lib/gcc/avr/5.4.0/../../../../avr/lib/avr5/memx-const\libc.a(exit.o) (_Exit)
C:/Program Files (x86)/Atmel/Studio/7.0/Packs/Atmel/ATmega_DFP/2.0.401/xc8/avr/lib/avr5/memx-const\libatmega32u4.a(eerd_block.o)
                              Library/atmegaeeprom.o (eeprom_read_block)
C:/Program Files (x86)/Atmel/Studio/7.0/Packs/Atmel/ATmega_DFP/2.0.401/xc8/avr/lib/avr5/memx-const\libatmega32u4.a(eerd_byte.o)
                              Library/atmegaeeprom.o (eeprom_read_byte)
C:/Program Files (x86)/Atmel/Studio/7.0/Packs/Atmel/ATmega_DFP/2.0.401/xc8/avr/lib/avr5/memx-const\libatmega32u4.a(eerd_word.o)
                              Library/atmegaeeprom.o (eeprom_read_word)
C:/Program Files (x86)/Atmel/Studio/7.0/Packs/Atmel/ATmega_DFP/2.0.401/xc8/avr/lib/avr5/memx-const\libatmega32u4.a(eeupd_block_M.o)
                              Library/atmegaeeprom.o (eeprom_update_block)
C:/Program Files (x86)/Atmel/Studio/7.0/Packs/Atmel/ATmega_DFP/2.0.401/xc8/avr/lib/avr5/memx-const\libatmega32u4.a(eeupd_byte.o)
                              Library/atmegaeeprom.o (eeprom_update_byte)
C:/Program Files (x86)/Atmel/Studio/7.0/Packs/Atmel/ATmega_DFP/2.0.401/xc8/avr/lib/avr5/memx-const\libatmega32u4.a(eeupd_dword.o)
                              Library/atmegaeeprom.o (eeprom_update_float)
C:/Program Files (x86)/Atmel/Studio/7.0/Packs/Atmel/ATmega_DFP/2.0.401/xc8/avr/lib/avr5/memx-const\libatmega32u4.a(eeupd_word.o)
                              Library/atmegaeeprom.o (eeprom_update_word)
C:/Program Files (x86)/Atmel/Studio/7.0/Packs/Atmel/ATmega_DFP/2.0.401/xc8/avr/lib/avr5/memx-const\libatmega32u4.a(eewr_block_M.o)
                              Library/atmegaeeprom.o (eeprom_write_block)
C:/Program Files (x86)/Atmel/Studio/7.0/Packs/Atmel/ATmega_DFP/2.0.401/xc8/avr/lib/avr5/memx-const\libatmega32u4.a(eewr_byte.o)
                              Library/atmegaeeprom.o (eeprom_write_byte)
C:/Program Files (x86)/Atmel/Studio/7.0/Packs/Atmel/ATmega_DFP/2.0.401/xc8/avr/lib/avr5/memx-const\libatmega32u4.a(eewr_dword.o)
                              Library/atmegaeeprom.o (eeprom_write_dword)
C:/Program Files (x86)/Atmel/Studio/7.0/Packs/Atmel/ATmega_DFP/2.0.401/xc8/avr/lib/avr5/memx-const\libatmega32u4.a(eewr_word.o)
                              Library/atmegaeeprom.o (eeprom_write_word)
c:/program files/microchip/xc8/v2.41/avr/bin/../lib/gcc/avr/5.4.0/avr5/memx-const\libgcc.a(_exit.o)
                              c:/program files/microchip/xc8/v2.41/avr/bin/../lib/gcc/avr/5.4.0/../../../../avr/lib/avr5/memx-const\libc.a(_Exit.o) (_exit)
c:/program files/microchip/xc8/v2.41/avr/bin/../lib/gcc/avr/5.4.0/avr5/memx-const\libgcc.a(_xload_1.o)
                              C:/Program Files (x86)/Atmel/Studio/7.0/Packs/Atmel/ATmega_DFP/2.0.401/xc8/avr/lib/avr5/memx-const\libatmega32u4.a(eeupd_block_M.o) (__xload_1)

Allocating common symbols
Common symbol       size              file

mega                0x56              main.o
ret                 0x56              Library/atmega32u4mapping.o

Discarded input sections

 .data          0x0000000000000000        0x0 C:/Program Files (x86)/Atmel/Studio/7.0/Packs/Atmel/ATmega_DFP/2.0.401/xc8/avr/lib/avr5/memx-const/crtatmega32u4.o
 .bss           0x0000000000000000        0x0 C:/Program Files (x86)/Atmel/Studio/7.0/Packs/Atmel/ATmega_DFP/2.0.401/xc8/avr/lib/avr5/memx-const/crtatmega32u4.o
 .text          0x0000000000000000        0x0 Library/atmega32u4mapping.o
 .data          0x0000000000000000        0x0 Library/atmega32u4mapping.o
 .bss           0x0000000000000000        0x0 Library/atmega32u4mapping.o
 .text          0x0000000000000000        0x0 Library/atmegaeeprom.o
 .data          0x0000000000000000        0x0 Library/atmegaeeprom.o
 .bss           0x0000000000000000        0x0 Library/atmegaeeprom.o
 .text          0x0000000000000000        0x0 Library/explode.o
 .data          0x0000000000000000        0x0 Library/explode.o
 .bss           0x0000000000000000        0x0 Library/explode.o
 .text.EXPLODEenable
                0x0000000000000000       0x14 Library/explode.o
 .text.EXPLODEhh
                0x0000000000000000        0xa Library/explode.o
 .text.EXPLODEll
                0x0000000000000000        0xc Library/explode.o
 .text.EXPLODElh
                0x0000000000000000        0xe Library/explode.o
 .text.EXPLODEhl
                0x0000000000000000        0xe Library/explode.o
 .text.EXPLODEupdate
                0x0000000000000000       0x4a Library/explode.o
 .debug_info    0x0000000000000000      0x4e6 Library/explode.o
 .debug_abbrev  0x0000000000000000       0xf7 Library/explode.o
 .debug_loc     0x0000000000000000      0x16c Library/explode.o
 .debug_aranges
                0x0000000000000000       0x48 Library/explode.o
 .debug_ranges  0x0000000000000000       0x38 Library/explode.o
 .debug_line    0x0000000000000000      0x15a Library/explode.o
 .debug_str     0x0000000000000000        0x0 Library/explode.o
 .comment       0x0000000000000000       0x30 Library/explode.o
 .debug_frame   0x0000000000000000       0x80 Library/explode.o
 .text          0x0000000000000000        0x0 main.o
 .data          0x0000000000000000        0x0 main.o
 .bss           0x0000000000000000        0x0 main.o
 .text          0x0000000000000000        0x0 c:/program files/microchip/xc8/v2.41/avr/bin/../lib/gcc/avr/5.4.0/avr5/memx-const\libgcc.a(_copy_data.o)
 .data          0x0000000000000000        0x0 c:/program files/microchip/xc8/v2.41/avr/bin/../lib/gcc/avr/5.4.0/avr5/memx-const\libgcc.a(_copy_data.o)
 .bss           0x0000000000000000        0x0 c:/program files/microchip/xc8/v2.41/avr/bin/../lib/gcc/avr/5.4.0/avr5/memx-const\libgcc.a(_copy_data.o)
 .text.libgcc.mul
                0x0000000000000000        0x0 c:/program files/microchip/xc8/v2.41/avr/bin/../lib/gcc/avr/5.4.0/avr5/memx-const\libgcc.a(_copy_data.o)
 .text.libgcc.div
                0x0000000000000000        0x0 c:/program files/microchip/xc8/v2.41/avr/bin/../lib/gcc/avr/5.4.0/avr5/memx-const\libgcc.a(_copy_data.o)
 .text.libgcc   0x0000000000000000        0x0 c:/program files/microchip/xc8/v2.41/avr/bin/../lib/gcc/avr/5.4.0/avr5/memx-const\libgcc.a(_copy_data.o)
 .text.libgcc.prologue
                0x0000000000000000        0x0 c:/program files/microchip/xc8/v2.41/avr/bin/../lib/gcc/avr/5.4.0/avr5/memx-const\libgcc.a(_copy_data.o)
 .text.libgcc.builtins
                0x0000000000000000        0x0 c:/program files/microchip/xc8/v2.41/avr/bin/../lib/gcc/avr/5.4.0/avr5/memx-const\libgcc.a(_copy_data.o)
 .text.libgcc.fmul
                0x0000000000000000        0x0 c:/program files/microchip/xc8/v2.41/avr/bin/../lib/gcc/avr/5.4.0/avr5/memx-const\libgcc.a(_copy_data.o)
 .text.libgcc.fixed
                0x0000000000000000        0x0 c:/program files/microchip/xc8/v2.41/avr/bin/../lib/gcc/avr/5.4.0/avr5/memx-const\libgcc.a(_copy_data.o)
 .text          0x0000000000000000        0x0 c:/program files/microchip/xc8/v2.41/avr/bin/../lib/gcc/avr/5.4.0/../../../../avr/lib/avr5/memx-const\libc.a(exit.o)
 .data          0x0000000000000000        0x0 c:/program files/microchip/xc8/v2.41/avr/bin/../lib/gcc/avr/5.4.0/../../../../avr/lib/avr5/memx-const\libc.a(exit.o)
 .bss           0x0000000000000000        0x0 c:/program files/microchip/xc8/v2.41/avr/bin/../lib/gcc/avr/5.4.0/../../../../avr/lib/avr5/memx-const\libc.a(exit.o)
 .stack.descriptors
                0x0000000000000000       0x73 c:/program files/microchip/xc8/v2.41/avr/bin/../lib/gcc/avr/5.4.0/../../../../avr/lib/avr5/memx-const\libc.a(exit.o)
 .text          0x0000000000000000        0x0 c:/program files/microchip/xc8/v2.41/avr/bin/../lib/gcc/avr/5.4.0/../../../../avr/lib/avr5/memx-const\libc.a(_Exit.o)
 .data          0x0000000000000000        0x0 c:/program files/microchip/xc8/v2.41/avr/bin/../lib/gcc/avr/5.4.0/../../../../avr/lib/avr5/memx-const\libc.a(_Exit.o)
 .bss           0x0000000000000000        0x0 c:/program files/microchip/xc8/v2.41/avr/bin/../lib/gcc/avr/5.4.0/../../../../avr/lib/avr5/memx-const\libc.a(_Exit.o)
 .stack.descriptors
                0x0000000000000000       0x13 c:/program files/microchip/xc8/v2.41/avr/bin/../lib/gcc/avr/5.4.0/../../../../avr/lib/avr5/memx-const\libc.a(_Exit.o)
 .text          0x0000000000000000        0x0 C:/Program Files (x86)/Atmel/Studio/7.0/Packs/Atmel/ATmega_DFP/2.0.401/xc8/avr/lib/avr5/memx-const\libatmega32u4.a(eerd_block.o)
 .data          0x0000000000000000        0x0 C:/Program Files (x86)/Atmel/Studio/7.0/Packs/Atmel/ATmega_DFP/2.0.401/xc8/avr/lib/avr5/memx-const\libatmega32u4.a(eerd_block.o)
 .bss           0x0000000000000000        0x0 C:/Program Files (x86)/Atmel/Studio/7.0/Packs/Atmel/ATmega_DFP/2.0.401/xc8/avr/lib/avr5/memx-const\libatmega32u4.a(eerd_block.o)
 .stack.descriptors
                0x0000000000000000       0x3e C:/Program Files (x86)/Atmel/Studio/7.0/Packs/Atmel/ATmega_DFP/2.0.401/xc8/avr/lib/avr5/memx-const\libatmega32u4.a(eerd_block.o)
 .text          0x0000000000000000        0x0 C:/Program Files (x86)/Atmel/Studio/7.0/Packs/Atmel/ATmega_DFP/2.0.401/xc8/avr/lib/avr5/memx-const\libatmega32u4.a(eerd_byte.o)
 .data          0x0000000000000000        0x0 C:/Program Files (x86)/Atmel/Studio/7.0/Packs/Atmel/ATmega_DFP/2.0.401/xc8/avr/lib/avr5/memx-const\libatmega32u4.a(eerd_byte.o)
 .bss           0x0000000000000000        0x0 C:/Program Files (x86)/Atmel/Studio/7.0/Packs/Atmel/ATmega_DFP/2.0.401/xc8/avr/lib/avr5/memx-const\libatmega32u4.a(eerd_byte.o)
 .stack.descriptors
                0x0000000000000000       0x1e C:/Program Files (x86)/Atmel/Studio/7.0/Packs/Atmel/ATmega_DFP/2.0.401/xc8/avr/lib/avr5/memx-const\libatmega32u4.a(eerd_byte.o)
 .text          0x0000000000000000        0x0 C:/Program Files (x86)/Atmel/Studio/7.0/Packs/Atmel/ATmega_DFP/2.0.401/xc8/avr/lib/avr5/memx-const\libatmega32u4.a(eerd_word.o)
 .data          0x0000000000000000        0x0 C:/Program Files (x86)/Atmel/Studio/7.0/Packs/Atmel/ATmega_DFP/2.0.401/xc8/avr/lib/avr5/memx-const\libatmega32u4.a(eerd_word.o)
 .bss           0x0000000000000000        0x0 C:/Program Files (x86)/Atmel/Studio/7.0/Packs/Atmel/ATmega_DFP/2.0.401/xc8/avr/lib/avr5/memx-const\libatmega32u4.a(eerd_word.o)
 .stack.descriptors
                0x0000000000000000       0x1e C:/Program Files (x86)/Atmel/Studio/7.0/Packs/Atmel/ATmega_DFP/2.0.401/xc8/avr/lib/avr5/memx-const\libatmega32u4.a(eerd_word.o)
 .text          0x0000000000000000        0x0 C:/Program Files (x86)/Atmel/Studio/7.0/Packs/Atmel/ATmega_DFP/2.0.401/xc8/avr/lib/avr5/memx-const\libatmega32u4.a(eeupd_block_M.o)
 .data          0x0000000000000000        0x0 C:/Program Files (x86)/Atmel/Studio/7.0/Packs/Atmel/ATmega_DFP/2.0.401/xc8/avr/lib/avr5/memx-const\libatmega32u4.a(eeupd_block_M.o)
 .bss           0x0000000000000000        0x0 C:/Program Files (x86)/Atmel/Studio/7.0/Packs/Atmel/ATmega_DFP/2.0.401/xc8/avr/lib/avr5/memx-const\libatmega32u4.a(eeupd_block_M.o)
 .stack.descriptors
                0x0000000000000000       0x21 C:/Program Files (x86)/Atmel/Studio/7.0/Packs/Atmel/ATmega_DFP/2.0.401/xc8/avr/lib/avr5/memx-const\libatmega32u4.a(eeupd_block_M.o)
 .text          0x0000000000000000        0x0 C:/Program Files (x86)/Atmel/Studio/7.0/Packs/Atmel/ATmega_DFP/2.0.401/xc8/avr/lib/avr5/memx-const\libatmega32u4.a(eeupd_byte.o)
 .data          0x0000000000000000        0x0 C:/Program Files (x86)/Atmel/Studio/7.0/Packs/Atmel/ATmega_DFP/2.0.401/xc8/avr/lib/avr5/memx-const\libatmega32u4.a(eeupd_byte.o)
 .bss           0x0000000000000000        0x0 C:/Program Files (x86)/Atmel/Studio/7.0/Packs/Atmel/ATmega_DFP/2.0.401/xc8/avr/lib/avr5/memx-const\libatmega32u4.a(eeupd_byte.o)
 .stack.descriptors
                0x0000000000000000       0x3f C:/Program Files (x86)/Atmel/Studio/7.0/Packs/Atmel/ATmega_DFP/2.0.401/xc8/avr/lib/avr5/memx-const\libatmega32u4.a(eeupd_byte.o)
 .text          0x0000000000000000        0x0 C:/Program Files (x86)/Atmel/Studio/7.0/Packs/Atmel/ATmega_DFP/2.0.401/xc8/avr/lib/avr5/memx-const\libatmega32u4.a(eeupd_dword.o)
 .data          0x0000000000000000        0x0 C:/Program Files (x86)/Atmel/Studio/7.0/Packs/Atmel/ATmega_DFP/2.0.401/xc8/avr/lib/avr5/memx-const\libatmega32u4.a(eeupd_dword.o)
 .bss           0x0000000000000000        0x0 C:/Program Files (x86)/Atmel/Studio/7.0/Packs/Atmel/ATmega_DFP/2.0.401/xc8/avr/lib/avr5/memx-const\libatmega32u4.a(eeupd_dword.o)
 .stack.descriptors
                0x0000000000000000       0x42 C:/Program Files (x86)/Atmel/Studio/7.0/Packs/Atmel/ATmega_DFP/2.0.401/xc8/avr/lib/avr5/memx-const\libatmega32u4.a(eeupd_dword.o)
 .text          0x0000000000000000        0x0 C:/Program Files (x86)/Atmel/Studio/7.0/Packs/Atmel/ATmega_DFP/2.0.401/xc8/avr/lib/avr5/memx-const\libatmega32u4.a(eeupd_word.o)
 .data          0x0000000000000000        0x0 C:/Program Files (x86)/Atmel/Studio/7.0/Packs/Atmel/ATmega_DFP/2.0.401/xc8/avr/lib/avr5/memx-const\libatmega32u4.a(eeupd_word.o)
 .bss           0x0000000000000000        0x0 C:/Program Files (x86)/Atmel/Studio/7.0/Packs/Atmel/ATmega_DFP/2.0.401/xc8/avr/lib/avr5/memx-const\libatmega32u4.a(eeupd_word.o)
 .stack.descriptors
                0x0000000000000000       0x20 C:/Program Files (x86)/Atmel/Studio/7.0/Packs/Atmel/ATmega_DFP/2.0.401/xc8/avr/lib/avr5/memx-const\libatmega32u4.a(eeupd_word.o)
 .text          0x0000000000000000        0x0 C:/Program Files (x86)/Atmel/Studio/7.0/Packs/Atmel/ATmega_DFP/2.0.401/xc8/avr/lib/avr5/memx-const\libatmega32u4.a(eewr_block_M.o)
 .data          0x0000000000000000        0x0 C:/Program Files (x86)/Atmel/Studio/7.0/Packs/Atmel/ATmega_DFP/2.0.401/xc8/avr/lib/avr5/memx-const\libatmega32u4.a(eewr_block_M.o)
 .bss           0x0000000000000000        0x0 C:/Program Files (x86)/Atmel/Studio/7.0/Packs/Atmel/ATmega_DFP/2.0.401/xc8/avr/lib/avr5/memx-const\libatmega32u4.a(eewr_block_M.o)
 .stack.descriptors
                0x0000000000000000       0x20 C:/Program Files (x86)/Atmel/Studio/7.0/Packs/Atmel/ATmega_DFP/2.0.401/xc8/avr/lib/avr5/memx-const\libatmega32u4.a(eewr_block_M.o)
 .text          0x0000000000000000        0x0 C:/Program Files (x86)/Atmel/Studio/7.0/Packs/Atmel/ATmega_DFP/2.0.401/xc8/avr/lib/avr5/memx-const\libatmega32u4.a(eewr_byte.o)
 .data          0x0000000000000000        0x0 C:/Program Files (x86)/Atmel/Studio/7.0/Packs/Atmel/ATmega_DFP/2.0.401/xc8/avr/lib/avr5/memx-const\libatmega32u4.a(eewr_byte.o)
 .bss           0x0000000000000000        0x0 C:/Program Files (x86)/Atmel/Studio/7.0/Packs/Atmel/ATmega_DFP/2.0.401/xc8/avr/lib/avr5/memx-const\libatmega32u4.a(eewr_byte.o)
 .stack.descriptors
                0x0000000000000000       0x3d C:/Program Files (x86)/Atmel/Studio/7.0/Packs/Atmel/ATmega_DFP/2.0.401/xc8/avr/lib/avr5/memx-const\libatmega32u4.a(eewr_byte.o)
 .text          0x0000000000000000        0x0 C:/Program Files (x86)/Atmel/Studio/7.0/Packs/Atmel/ATmega_DFP/2.0.401/xc8/avr/lib/avr5/memx-const\libatmega32u4.a(eewr_dword.o)
 .data          0x0000000000000000        0x0 C:/Program Files (x86)/Atmel/Studio/7.0/Packs/Atmel/ATmega_DFP/2.0.401/xc8/avr/lib/avr5/memx-const\libatmega32u4.a(eewr_dword.o)
 .bss           0x0000000000000000        0x0 C:/Program Files (x86)/Atmel/Studio/7.0/Packs/Atmel/ATmega_DFP/2.0.401/xc8/avr/lib/avr5/memx-const\libatmega32u4.a(eewr_dword.o)
 .stack.descriptors
                0x0000000000000000       0x40 C:/Program Files (x86)/Atmel/Studio/7.0/Packs/Atmel/ATmega_DFP/2.0.401/xc8/avr/lib/avr5/memx-const\libatmega32u4.a(eewr_dword.o)
 .text          0x0000000000000000        0x0 C:/Program Files (x86)/Atmel/Studio/7.0/Packs/Atmel/ATmega_DFP/2.0.401/xc8/avr/lib/avr5/memx-const\libatmega32u4.a(eewr_word.o)
 .data          0x0000000000000000        0x0 C:/Program Files (x86)/Atmel/Studio/7.0/Packs/Atmel/ATmega_DFP/2.0.401/xc8/avr/lib/avr5/memx-const\libatmega32u4.a(eewr_word.o)
 .bss           0x0000000000000000        0x0 C:/Program Files (x86)/Atmel/Studio/7.0/Packs/Atmel/ATmega_DFP/2.0.401/xc8/avr/lib/avr5/memx-const\libatmega32u4.a(eewr_word.o)
 .stack.descriptors
                0x0000000000000000       0x1f C:/Program Files (x86)/Atmel/Studio/7.0/Packs/Atmel/ATmega_DFP/2.0.401/xc8/avr/lib/avr5/memx-const\libatmega32u4.a(eewr_word.o)
 .text          0x0000000000000000        0x0 c:/program files/microchip/xc8/v2.41/avr/bin/../lib/gcc/avr/5.4.0/avr5/memx-const\libgcc.a(_exit.o)
 .data          0x0000000000000000        0x0 c:/program files/microchip/xc8/v2.41/avr/bin/../lib/gcc/avr/5.4.0/avr5/memx-const\libgcc.a(_exit.o)
 .bss           0x0000000000000000        0x0 c:/program files/microchip/xc8/v2.41/avr/bin/../lib/gcc/avr/5.4.0/avr5/memx-const\libgcc.a(_exit.o)
 .text.libgcc.mul
                0x0000000000000000        0x0 c:/program files/microchip/xc8/v2.41/avr/bin/../lib/gcc/avr/5.4.0/avr5/memx-const\libgcc.a(_exit.o)
 .text.libgcc.div
                0x0000000000000000        0x0 c:/program files/microchip/xc8/v2.41/avr/bin/../lib/gcc/avr/5.4.0/avr5/memx-const\libgcc.a(_exit.o)
 .text.libgcc   0x0000000000000000        0x0 c:/program files/microchip/xc8/v2.41/avr/bin/../lib/gcc/avr/5.4.0/avr5/memx-const\libgcc.a(_exit.o)
 .text.libgcc.prologue
                0x0000000000000000        0x0 c:/program files/microchip/xc8/v2.41/avr/bin/../lib/gcc/avr/5.4.0/avr5/memx-const\libgcc.a(_exit.o)
 .stack.descriptors
                0x0000000000000000       0x13 c:/program files/microchip/xc8/v2.41/avr/bin/../lib/gcc/avr/5.4.0/avr5/memx-const\libgcc.a(_exit.o)
 .text.libgcc.builtins
                0x0000000000000000        0x0 c:/program files/microchip/xc8/v2.41/avr/bin/../lib/gcc/avr/5.4.0/avr5/memx-const\libgcc.a(_exit.o)
 .text.libgcc.fmul
                0x0000000000000000        0x0 c:/program files/microchip/xc8/v2.41/avr/bin/../lib/gcc/avr/5.4.0/avr5/memx-const\libgcc.a(_exit.o)
 .text.libgcc.fixed
                0x0000000000000000        0x0 c:/program files/microchip/xc8/v2.41/avr/bin/../lib/gcc/avr/5.4.0/avr5/memx-const\libgcc.a(_exit.o)
 .text          0x0000000000000000        0x0 c:/program files/microchip/xc8/v2.41/avr/bin/../lib/gcc/avr/5.4.0/avr5/memx-const\libgcc.a(_xload_1.o)
 .data          0x0000000000000000        0x0 c:/program files/microchip/xc8/v2.41/avr/bin/../lib/gcc/avr/5.4.0/avr5/memx-const\libgcc.a(_xload_1.o)
 .bss           0x0000000000000000        0x0 c:/program files/microchip/xc8/v2.41/avr/bin/../lib/gcc/avr/5.4.0/avr5/memx-const\libgcc.a(_xload_1.o)
 .text.libgcc.mul
                0x0000000000000000        0x0 c:/program files/microchip/xc8/v2.41/avr/bin/../lib/gcc/avr/5.4.0/avr5/memx-const\libgcc.a(_xload_1.o)
 .text.libgcc.div
                0x0000000000000000        0x0 c:/program files/microchip/xc8/v2.41/avr/bin/../lib/gcc/avr/5.4.0/avr5/memx-const\libgcc.a(_xload_1.o)
 .text.libgcc.prologue
                0x0000000000000000        0x0 c:/program files/microchip/xc8/v2.41/avr/bin/../lib/gcc/avr/5.4.0/avr5/memx-const\libgcc.a(_xload_1.o)
 .stack.descriptors
                0x0000000000000000       0x17 c:/program files/microchip/xc8/v2.41/avr/bin/../lib/gcc/avr/5.4.0/avr5/memx-const\libgcc.a(_xload_1.o)
 .text.libgcc.builtins
                0x0000000000000000        0x0 c:/program files/microchip/xc8/v2.41/avr/bin/../lib/gcc/avr/5.4.0/avr5/memx-const\libgcc.a(_xload_1.o)
 .text.libgcc.fmul
                0x0000000000000000        0x0 c:/program files/microchip/xc8/v2.41/avr/bin/../lib/gcc/avr/5.4.0/avr5/memx-const\libgcc.a(_xload_1.o)
 .text.libgcc.fixed
                0x0000000000000000        0x0 c:/program files/microchip/xc8/v2.41/avr/bin/../lib/gcc/avr/5.4.0/avr5/memx-const\libgcc.a(_xload_1.o)

Memory Configuration

Name             Origin             Length             Attributes
text             0x0000000000000000 0x0000000000008000 xr
data             0x0000000000800100 0x0000000000000a00 rw !x
eeprom           0x0000000000810000 0x0000000000000400 rw !x
fuse             0x0000000000820000 0x0000000000000003 rw !x
lock             0x0000000000830000 0x0000000000000400 rw !x
signature        0x0000000000840000 0x0000000000000400 rw !x
user_signatures  0x0000000000850000 0x0000000000000400 rw !x
bootrow          0x0000000000860000 0x0000000000000400 rw !x
*default*        0x0000000000000000 0xffffffffffffffff

Linker script and memory map

Address of section .data set to 0x800100
LOAD C:/Program Files (x86)/Atmel/Studio/7.0/Packs/Atmel/ATmega_DFP/2.0.401/xc8/avr/lib/avr5/memx-const/crtatmega32u4.o
LOAD Library/atmega32u4mapping.o
LOAD Library/atmegaeeprom.o
LOAD Library/explode.o
LOAD main.o
START GROUP
LOAD c:/program files/microchip/xc8/v2.41/avr/bin/../lib/gcc/avr/5.4.0/../../../../avr/lib/avr5/memx-const\libm.a
END GROUP
START GROUP
LOAD c:/program files/microchip/xc8/v2.41/avr/bin/../lib/gcc/avr/5.4.0/avr5/memx-const\libgcc.a
LOAD c:/program files/microchip/xc8/v2.41/avr/bin/../lib/gcc/avr/5.4.0/../../../../avr/lib/avr5/memx-const\libm.a
LOAD c:/program files/microchip/xc8/v2.41/avr/bin/../lib/gcc/avr/5.4.0/../../../../avr/lib/avr5/memx-const\libc.a
LOAD C:/Program Files (x86)/Atmel/Studio/7.0/Packs/Atmel/ATmega_DFP/2.0.401/xc8/avr/lib/avr5/memx-const\libatmega32u4.a
END GROUP
                0x0000000000000000                __TEXT_REGION_ORIGIN__ = DEFINED (__TEXT_REGION_ORIGIN__)?__TEXT_REGION_ORIGIN__:0x0
                [0x0000000000800100]                __DATA_REGION_ORIGIN__ = DEFINED (__DATA_REGION_ORIGIN__)?__DATA_REGION_ORIGIN__:0x800060
                [0x0000000000008000]                __TEXT_REGION_LENGTH__ = DEFINED (__TEXT_REGION_LENGTH__)?__TEXT_REGION_LENGTH__:0x20000
                [0x0000000000000a00]                __DATA_REGION_LENGTH__ = DEFINED (__DATA_REGION_LENGTH__)?__DATA_REGION_LENGTH__:0xffa0
                [0x0000000000000400]                __EEPROM_REGION_LENGTH__ = DEFINED (__EEPROM_REGION_LENGTH__)?__EEPROM_REGION_LENGTH__:0x10000
                [0x0000000000000003]                __FUSE_REGION_LENGTH__ = DEFINED (__FUSE_REGION_LENGTH__)?__FUSE_REGION_LENGTH__:0x400
                0x0000000000000400                __LOCK_REGION_LENGTH__ = DEFINED (__LOCK_REGION_LENGTH__)?__LOCK_REGION_LENGTH__:0x400
                0x0000000000000400                __SIGNATURE_REGION_LENGTH__ = DEFINED (__SIGNATURE_REGION_LENGTH__)?__SIGNATURE_REGION_LENGTH__:0x400
                0x0000000000000400                __USER_SIGNATURE_REGION_LENGTH__ = DEFINED (__USER_SIGNATURE_REGION_LENGTH__)?__USER_SIGNATURE_REGION_LENGTH__:0x400
                0x0000000000000400                __BOOTROW_REGION_LENGTH__ = DEFINED (__BOOTROW_REGION_LENGTH__)?__BOOTROW_REGION_LENGTH__:0x400

.hash
 *(.hash)

.dynsym
 *(.dynsym)

.dynstr
 *(.dynstr)

.gnu.version
 *(.gnu.version)

.gnu.version_d
 *(.gnu.version_d)

.gnu.version_r
 *(.gnu.version_r)

.rel.init
 *(.rel.init)

.rela.init
 *(.rela.init)

.rel.text
 *(.rel.text)
 *(.rel.text.*)
 *(.rel.gnu.linkonce.t*)

.rela.text
 *(.rela.text)
 *(.rela.text.*)
 *(.rela.gnu.linkonce.t*)

.rel.fini
 *(.rel.fini)

.rela.fini
 *(.rela.fini)

.rel.rodata
 *(.rel.rodata)
 *(.rel.rodata.*)
 *(.rel.gnu.linkonce.r*)

.rela.rodata
 *(.rela.rodata)
 *(.rela.rodata.*)
 *(.rela.gnu.linkonce.r*)

.rel.data
 *(.rel.data)
 *(.rel.data.*)
 *(.rel.gnu.linkonce.d*)

.rela.data
 *(.rela.data)
 *(.rela.data.*)
 *(.rela.gnu.linkonce.d*)

.rel.ctors
 *(.rel.ctors)

.rela.ctors
 *(.rela.ctors)

.rel.dtors
 *(.rel.dtors)

.rela.dtors
 *(.rela.dtors)

.rel.got
 *(.rel.got)

.rela.got
 *(.rela.got)

.rel.bss
 *(.rel.bss)

.rela.bss
 *(.rela.bss)

.rel.plt
 *(.rel.plt)

.rela.plt
 *(.rela.plt)

.text           0x0000000000000000      0x106
 *(.vectors)
 .vectors       0x0000000000000000       0xac C:/Program Files (x86)/Atmel/Studio/7.0/Packs/Atmel/ATmega_DFP/2.0.401/xc8/avr/lib/avr5/memx-const/crtatmega32u4.o
                0x0000000000000000                __vector_default
                0x0000000000000000                __vectors
 *(.vectors)
 *(.progmem.gcc*)
 *(.dinit)
 .dinit         0x00000000000000ac        0x5 data_init
                0x00000000000000b2                . = ALIGN (0x2)
 *fill*         0x00000000000000b1        0x1 
                0x00000000000000b2                __trampolines_start = .
 *(.trampolines)
 .trampolines   0x00000000000000b2        0x0 linker stubs
 *(.trampolines*)
                0x00000000000000b2                __trampolines_end = .
 *libprintf_flt.a:*(.progmem.data)
 *libc.a:*(.progmem.data)
                0x00000000000000b2                . = ALIGN (0x2)
 *(.jumptables)
 *(.jumptables*)
 *(.lowtext)
 *(.lowtext*)
                0x00000000000000b2                __ctors_start = .
 *(.ctors)
                0x00000000000000b2                __ctors_end = .
                0x00000000000000b2                __dtors_start = .
 *(.dtors)
                0x00000000000000b2                __dtors_end = .
 SORT(*)(.ctors)
 SORT(*)(.dtors)
 *(.init0)
 .init0         0x00000000000000b2        0x0 C:/Program Files (x86)/Atmel/Studio/7.0/Packs/Atmel/ATmega_DFP/2.0.401/xc8/avr/lib/avr5/memx-const/crtatmega32u4.o
                0x00000000000000b2                __init
 *(.init0)
 *(.init1)
 *(.init1)
 *(.init2)
 .init2         0x00000000000000b2        0xc C:/Program Files (x86)/Atmel/Studio/7.0/Packs/Atmel/ATmega_DFP/2.0.401/xc8/avr/lib/avr5/memx-const/crtatmega32u4.o
 *(.init2)
 *(.init3)
 *(.init3)
 *(.init4)
 .init4         0x00000000000000be       0x3c c:/program files/microchip/xc8/v2.41/avr/bin/../lib/gcc/avr/5.4.0/avr5/memx-const\libgcc.a(_copy_data.o)
                0x00000000000000be                __do_copy_data
                0x00000000000000ec                __do_clear_bss
 *(.init4)
 *(.init5)
 *(.init5)
 *(.init6)
 *(.init6)
 *(.init7)
 *(.init7)
 *(.init8)
 *(.init8)
 *(.init9)
 .init9         0x00000000000000fa        0x8 C:/Program Files (x86)/Atmel/Studio/7.0/Packs/Atmel/ATmega_DFP/2.0.401/xc8/avr/lib/avr5/memx-const/crtatmega32u4.o
 *(.init9)
                0x0000000000000102                . = ALIGN (0x2)
 *(.fini9)
 .fini9         0x0000000000000102        0x0 c:/program files/microchip/xc8/v2.41/avr/bin/../lib/gcc/avr/5.4.0/avr5/memx-const\libgcc.a(_exit.o)
                0x0000000000000102                _exit
 *(.fini9)
 *(.fini8)
 *(.fini8)
 *(.fini7)
 *(.fini7)
 *(.fini6)
 *(.fini6)
 *(.fini5)
 *(.fini5)
 *(.fini4)
 *(.fini4)
 *(.fini3)
 *(.fini3)
 *(.fini2)
 *(.fini2)
 *(.fini1)
 *(.fini1)
 *(.fini0)
 .fini0         0x0000000000000102        0x4 c:/program files/microchip/xc8/v2.41/avr/bin/../lib/gcc/avr/5.4.0/avr5/memx-const\libgcc.a(_exit.o)
 *(.fini0)
                0x0000000000000106                _etext = .

.data           0x0000000000800100        0x0 load address 0x0000000000000106
                [!provide]                        PROVIDE (__data_start, .)
 *(.gnu.linkonce.d*)
 *(.gnu.linkonce.r*)
                0x0000000000800100                . = ALIGN (0x2)
                0x0000000000800100                _edata = .
                [!provide]                        PROVIDE (__data_end, .)

.bss            0x0000000000800100       0xac
                [!provide]                        PROVIDE (__bss_start, .)
 *(COMMON)
 COMMON         0x0000000000800100       0x56 Library/atmega32u4mapping.o
                0x0000000000800100                ret
 COMMON         0x0000000000800156       0x56 main.o
                0x0000000000800156                mega
                [!provide]                        PROVIDE (__bss_end, .)
                0x0000000000000106                __data_load_start = LOADADDR (.data)
                0x0000000000000106                __data_load_end = (__data_load_start + SIZEOF (.data))

.noinit         0x00000000008001ac        0x0
                [!provide]                        PROVIDE (__noinit_start, .)
 *(.noinit*)
                [!provide]                        PROVIDE (__noinit_end, .)
                0x00000000008001ac                _end = .

.eeprom         0x0000000000810000        0x0
 *(.eeprom*)
                0x0000000000810000                __eeprom_end = .

.fuse
 *(.fuse)
 *(.lfuse)
 *(.hfuse)
 *(.efuse)

.lock
 *(.lock*)

.signature
 *(.signature*)

.user_signatures
 *(.user_signatures*)

.bootrow
 *(.bootrow*)

.stab
 *(.stab)

.stabstr
 *(.stabstr)

.stab.excl
 *(.stab.excl)

.stab.exclstr
 *(.stab.exclstr)

.stab.index
 *(.stab.index)

.stab.indexstr
 *(.stab.indexstr)

.comment        0x0000000000000000       0x5b
 *(.comment)
 .comment       0x0000000000000000       0x2f Library/atmega32u4mapping.o
                                         0x30 (size before relaxing)
 .comment       0x000000000000002f       0x30 Library/atmegaeeprom.o
 .comment       0x000000000000002f       0x30 main.o
 .comment       0x000000000000002f       0x2c c:/program files/microchip/xc8/v2.41/avr/bin/../lib/gcc/avr/5.4.0/../../../../avr/lib/avr5/memx-const\libc.a(exit.o)
                                         0x2d (size before relaxing)
 .comment       0x000000000000005b       0x2d c:/program files/microchip/xc8/v2.41/avr/bin/../lib/gcc/avr/5.4.0/../../../../avr/lib/avr5/memx-const\libc.a(_Exit.o)

.stack.descriptors.hdr
                0x0000000000000000       0xd2
 .stack.descriptors.hdr
                0x0000000000000000        0xe c:/program files/microchip/xc8/v2.41/avr/bin/../lib/gcc/avr/5.4.0/../../../../avr/lib/avr5/memx-const\libc.a(exit.o)
 .stack.descriptors.hdr
                0x000000000000000e        0xe c:/program files/microchip/xc8/v2.41/avr/bin/../lib/gcc/avr/5.4.0/../../../../avr/lib/avr5/memx-const\libc.a(_Exit.o)
 .stack.descriptors.hdr
                0x000000000000001c        0xe C:/Program Files (x86)/Atmel/Studio/7.0/Packs/Atmel/ATmega_DFP/2.0.401/xc8/avr/lib/avr5/memx-const\libatmega32u4.a(eerd_block.o)
 .stack.descriptors.hdr
                0x000000000000002a        0xe C:/Program Files (x86)/Atmel/Studio/7.0/Packs/Atmel/ATmega_DFP/2.0.401/xc8/avr/lib/avr5/memx-const\libatmega32u4.a(eerd_byte.o)
 .stack.descriptors.hdr
                0x0000000000000038        0xe C:/Program Files (x86)/Atmel/Studio/7.0/Packs/Atmel/ATmega_DFP/2.0.401/xc8/avr/lib/avr5/memx-const\libatmega32u4.a(eerd_word.o)
 .stack.descriptors.hdr
                0x0000000000000046        0xe C:/Program Files (x86)/Atmel/Studio/7.0/Packs/Atmel/ATmega_DFP/2.0.401/xc8/avr/lib/avr5/memx-const\libatmega32u4.a(eeupd_block_M.o)
 .stack.descriptors.hdr
                0x0000000000000054        0xe C:/Program Files (x86)/Atmel/Studio/7.0/Packs/Atmel/ATmega_DFP/2.0.401/xc8/avr/lib/avr5/memx-const\libatmega32u4.a(eeupd_byte.o)
 .stack.descriptors.hdr
                0x0000000000000062        0xe C:/Program Files (x86)/Atmel/Studio/7.0/Packs/Atmel/ATmega_DFP/2.0.401/xc8/avr/lib/avr5/memx-const\libatmega32u4.a(eeupd_dword.o)
 .stack.descriptors.hdr
                0x0000000000000070        0xe C:/Program Files (x86)/Atmel/Studio/7.0/Packs/Atmel/ATmega_DFP/2.0.401/xc8/avr/lib/avr5/memx-const\libatmega32u4.a(eeupd_word.o)
 .stack.descriptors.hdr
                0x000000000000007e        0xe C:/Program Files (x86)/Atmel/Studio/7.0/Packs/Atmel/ATmega_DFP/2.0.401/xc8/avr/lib/avr5/memx-const\libatmega32u4.a(eewr_block_M.o)
 .stack.descriptors.hdr
                0x000000000000008c        0xe C:/Program Files (x86)/Atmel/Studio/7.0/Packs/Atmel/ATmega_DFP/2.0.401/xc8/avr/lib/avr5/memx-const\libatmega32u4.a(eewr_byte.o)
 .stack.descriptors.hdr
                0x000000000000009a        0xe C:/Program Files (x86)/Atmel/Studio/7.0/Packs/Atmel/ATmega_DFP/2.0.401/xc8/avr/lib/avr5/memx-const\libatmega32u4.a(eewr_dword.o)
 .stack.descriptors.hdr
                0x00000000000000a8        0xe C:/Program Files (x86)/Atmel/Studio/7.0/Packs/Atmel/ATmega_DFP/2.0.401/xc8/avr/lib/avr5/memx-const\libatmega32u4.a(eewr_word.o)
 .stack.descriptors.hdr
                0x00000000000000b6        0xe c:/program files/microchip/xc8/v2.41/avr/bin/../lib/gcc/avr/5.4.0/avr5/memx-const\libgcc.a(_exit.o)
 .stack.descriptors.hdr
                0x00000000000000c4        0xe c:/program files/microchip/xc8/v2.41/avr/bin/../lib/gcc/avr/5.4.0/avr5/memx-const\libgcc.a(_xload_1.o)

.note.GNU-stack
                0x0000000000000000        0x0
 .note.GNU-stack
                0x0000000000000000        0x0 c:/program files/microchip/xc8/v2.41/avr/bin/../lib/gcc/avr/5.4.0/../../../../avr/lib/avr5/memx-const\libc.a(exit.o)
 .note.GNU-stack
                0x0000000000000000        0x0 c:/program files/microchip/xc8/v2.41/avr/bin/../lib/gcc/avr/5.4.0/../../../../avr/lib/avr5/memx-const\libc.a(_Exit.o)

.note.gnu.build-id
 *(.note.gnu.build-id)

.debug
 *(.debug)

.line
 *(.line)

.debug_srcinfo
 *(.debug_srcinfo)

.debug_sfnames
 *(.debug_sfnames)

.debug_aranges  0x0000000000000000      0x1f8
 *(.debug_aranges)
 .debug_aranges
                0x0000000000000000       0x48 Library/atmega32u4mapping.o
 .debug_aranges
                0x0000000000000048       0x20 Library/atmegaeeprom.o
 .debug_aranges
                0x0000000000000068       0x30 main.o
 .debug_aranges
                0x0000000000000098       0x20 C:/Program Files (x86)/Atmel/Studio/7.0/Packs/Atmel/ATmega_DFP/2.0.401/xc8/avr/lib/avr5/memx-const\libatmega32u4.a(eerd_block.o)
 .debug_aranges
                0x00000000000000b8       0x20 C:/Program Files (x86)/Atmel/Studio/7.0/Packs/Atmel/ATmega_DFP/2.0.401/xc8/avr/lib/avr5/memx-const\libatmega32u4.a(eerd_byte.o)
 .debug_aranges
                0x00000000000000d8       0x20 C:/Program Files (x86)/Atmel/Studio/7.0/Packs/Atmel/ATmega_DFP/2.0.401/xc8/avr/lib/avr5/memx-const\libatmega32u4.a(eerd_word.o)
 .debug_aranges
                0x00000000000000f8       0x20 C:/Program Files (x86)/Atmel/Studio/7.0/Packs/Atmel/ATmega_DFP/2.0.401/xc8/avr/lib/avr5/memx-const\libatmega32u4.a(eeupd_block_M.o)
 .debug_aranges
                0x0000000000000118       0x20 C:/Program Files (x86)/Atmel/Studio/7.0/Packs/Atmel/ATmega_DFP/2.0.401/xc8/avr/lib/avr5/memx-const\libatmega32u4.a(eeupd_byte.o)
 .debug_aranges
                0x0000000000000138       0x20 C:/Program Files (x86)/Atmel/Studio/7.0/Packs/Atmel/ATmega_DFP/2.0.401/xc8/avr/lib/avr5/memx-const\libatmega32u4.a(eeupd_dword.o)
 .debug_aranges
                0x0000000000000158       0x20 C:/Program Files (x86)/Atmel/Studio/7.0/Packs/Atmel/ATmega_DFP/2.0.401/xc8/avr/lib/avr5/memx-const\libatmega32u4.a(eeupd_word.o)
 .debug_aranges
                0x0000000000000178       0x20 C:/Program Files (x86)/Atmel/Studio/7.0/Packs/Atmel/ATmega_DFP/2.0.401/xc8/avr/lib/avr5/memx-const\libatmega32u4.a(eewr_block_M.o)
 .debug_aranges
                0x0000000000000198       0x20 C:/Program Files (x86)/Atmel/Studio/7.0/Packs/Atmel/ATmega_DFP/2.0.401/xc8/avr/lib/avr5/memx-const\libatmega32u4.a(eewr_byte.o)
 .debug_aranges
                0x00000000000001b8       0x20 C:/Program Files (x86)/Atmel/Studio/7.0/Packs/Atmel/ATmega_DFP/2.0.401/xc8/avr/lib/avr5/memx-const\libatmega32u4.a(eewr_dword.o)
 .debug_aranges
                0x00000000000001d8       0x20 C:/Program Files (x86)/Atmel/Studio/7.0/Packs/Atmel/ATmega_DFP/2.0.401/xc8/avr/lib/avr5/memx-const\libatmega32u4.a(eewr_word.o)

.debug_pubnames
 *(.debug_pubnames)

.debug_info     0x0000000000000000     0x58dd
 *(.debug_info .gnu.linkonce.wi.*)
 .debug_info    0x0000000000000000      0x9f4 C:/Program Files (x86)/Atmel/Studio/7.0/Packs/Atmel/ATmega_DFP/2.0.401/xc8/avr/lib/avr5/memx-const/crtatmega32u4.o
 .debug_info    0x00000000000009f4     0x217e Library/atmega32u4mapping.o
 .debug_info    0x0000000000002b72      0x579 Library/atmegaeeprom.o
 .debug_info    0x00000000000030eb     0x208c main.o
 .debug_info    0x0000000000005177       0xac C:/Program Files (x86)/Atmel/Studio/7.0/Packs/Atmel/ATmega_DFP/2.0.401/xc8/avr/lib/avr5/memx-const\libatmega32u4.a(eerd_block.o)
 .debug_info    0x0000000000005223       0xab C:/Program Files (x86)/Atmel/Studio/7.0/Packs/Atmel/ATmega_DFP/2.0.401/xc8/avr/lib/avr5/memx-const\libatmega32u4.a(eerd_byte.o)
 .debug_info    0x00000000000052ce       0xab C:/Program Files (x86)/Atmel/Studio/7.0/Packs/Atmel/ATmega_DFP/2.0.401/xc8/avr/lib/avr5/memx-const\libatmega32u4.a(eerd_word.o)
 .debug_info    0x0000000000005379       0xaf C:/Program Files (x86)/Atmel/Studio/7.0/Packs/Atmel/ATmega_DFP/2.0.401/xc8/avr/lib/avr5/memx-const\libatmega32u4.a(eeupd_block_M.o)
 .debug_info    0x0000000000005428       0xac C:/Program Files (x86)/Atmel/Studio/7.0/Packs/Atmel/ATmega_DFP/2.0.401/xc8/avr/lib/avr5/memx-const\libatmega32u4.a(eeupd_byte.o)
 .debug_info    0x00000000000054d4       0xad C:/Program Files (x86)/Atmel/Studio/7.0/Packs/Atmel/ATmega_DFP/2.0.401/xc8/avr/lib/avr5/memx-const\libatmega32u4.a(eeupd_dword.o)
 .debug_info    0x0000000000005581       0xac C:/Program Files (x86)/Atmel/Studio/7.0/Packs/Atmel/ATmega_DFP/2.0.401/xc8/avr/lib/avr5/memx-const\libatmega32u4.a(eeupd_word.o)
 .debug_info    0x000000000000562d       0xae C:/Program Files (x86)/Atmel/Studio/7.0/Packs/Atmel/ATmega_DFP/2.0.401/xc8/avr/lib/avr5/memx-const\libatmega32u4.a(eewr_block_M.o)
 .debug_info    0x00000000000056db       0xab C:/Program Files (x86)/Atmel/Studio/7.0/Packs/Atmel/ATmega_DFP/2.0.401/xc8/avr/lib/avr5/memx-const\libatmega32u4.a(eewr_byte.o)
 .debug_info    0x0000000000005786       0xac C:/Program Files (x86)/Atmel/Studio/7.0/Packs/Atmel/ATmega_DFP/2.0.401/xc8/avr/lib/avr5/memx-const\libatmega32u4.a(eewr_dword.o)
 .debug_info    0x0000000000005832       0xab C:/Program Files (x86)/Atmel/Studio/7.0/Packs/Atmel/ATmega_DFP/2.0.401/xc8/avr/lib/avr5/memx-const\libatmega32u4.a(eewr_word.o)

.debug_abbrev   0x0000000000000000      0xe24
 *(.debug_abbrev)
 .debug_abbrev  0x0000000000000000      0x96a C:/Program Files (x86)/Atmel/Studio/7.0/Packs/Atmel/ATmega_DFP/2.0.401/xc8/avr/lib/avr5/memx-const/crtatmega32u4.o
 .debug_abbrev  0x000000000000096a      0x17e Library/atmega32u4mapping.o
 .debug_abbrev  0x0000000000000ae8       0xc4 Library/atmegaeeprom.o
 .debug_abbrev  0x0000000000000bac      0x19c main.o
 .debug_abbrev  0x0000000000000d48       0x14 C:/Program Files (x86)/Atmel/Studio/7.0/Packs/Atmel/ATmega_DFP/2.0.401/xc8/avr/lib/avr5/memx-const\libatmega32u4.a(eerd_block.o)
 .debug_abbrev  0x0000000000000d5c       0x14 C:/Program Files (x86)/Atmel/Studio/7.0/Packs/Atmel/ATmega_DFP/2.0.401/xc8/avr/lib/avr5/memx-const\libatmega32u4.a(eerd_byte.o)
 .debug_abbrev  0x0000000000000d70       0x14 C:/Program Files (x86)/Atmel/Studio/7.0/Packs/Atmel/ATmega_DFP/2.0.401/xc8/avr/lib/avr5/memx-const\libatmega32u4.a(eerd_word.o)
 .debug_abbrev  0x0000000000000d84       0x14 C:/Program Files (x86)/Atmel/Studio/7.0/Packs/Atmel/ATmega_DFP/2.0.401/xc8/avr/lib/avr5/memx-const\libatmega32u4.a(eeupd_block_M.o)
 .debug_abbrev  0x0000000000000d98       0x14 C:/Program Files (x86)/Atmel/Studio/7.0/Packs/Atmel/ATmega_DFP/2.0.401/xc8/avr/lib/avr5/memx-const\libatmega32u4.a(eeupd_byte.o)
 .debug_abbrev  0x0000000000000dac       0x14 C:/Program Files (x86)/Atmel/Studio/7.0/Packs/Atmel/ATmega_DFP/2.0.401/xc8/avr/lib/avr5/memx-const\libatmega32u4.a(eeupd_dword.o)
 .debug_abbrev  0x0000000000000dc0       0x14 C:/Program Files (x86)/Atmel/Studio/7.0/Packs/Atmel/ATmega_DFP/2.0.401/xc8/avr/lib/avr5/memx-const\libatmega32u4.a(eeupd_word.o)
 .debug_abbrev  0x0000000000000dd4       0x14 C:/Program Files (x86)/Atmel/Studio/7.0/Packs/Atmel/ATmega_DFP/2.0.401/xc8/avr/lib/avr5/memx-const\libatmega32u4.a(eewr_block_M.o)
 .debug_abbrev  0x0000000000000de8       0x14 C:/Program Files (x86)/Atmel/Studio/7.0/Packs/Atmel/ATmega_DFP/2.0.401/xc8/avr/lib/avr5/memx-const\libatmega32u4.a(eewr_byte.o)
 .debug_abbrev  0x0000000000000dfc       0x14 C:/Program Files (x86)/Atmel/Studio/7.0/Packs/Atmel/ATmega_DFP/2.0.401/xc8/avr/lib/avr5/memx-const\libatmega32u4.a(eewr_dword.o)
 .debug_abbrev  0x0000000000000e10       0x14 C:/Program Files (x86)/Atmel/Studio/7.0/Packs/Atmel/ATmega_DFP/2.0.401/xc8/avr/lib/avr5/memx-const\libatmega32u4.a(eewr_word.o)

.debug_line     0x0000000000000000      0xcd4
 *(.debug_line .debug_line.* .debug_line_end)
 .debug_line    0x0000000000000000      0x19d C:/Program Files (x86)/Atmel/Studio/7.0/Packs/Atmel/ATmega_DFP/2.0.401/xc8/avr/lib/avr5/memx-const/crtatmega32u4.o
 .debug_line    0x000000000000019d      0x254 Library/atmega32u4mapping.o
 .debug_line    0x00000000000003f1       0xef Library/atmegaeeprom.o
 .debug_line    0x00000000000004e0      0x14d main.o
 .debug_line    0x000000000000062d       0xba C:/Program Files (x86)/Atmel/Studio/7.0/Packs/Atmel/ATmega_DFP/2.0.401/xc8/avr/lib/avr5/memx-const\libatmega32u4.a(eerd_block.o)
 .debug_line    0x00000000000006e7       0x82 C:/Program Files (x86)/Atmel/Studio/7.0/Packs/Atmel/ATmega_DFP/2.0.401/xc8/avr/lib/avr5/memx-const\libatmega32u4.a(eerd_byte.o)
 .debug_line    0x0000000000000769       0x70 C:/Program Files (x86)/Atmel/Studio/7.0/Packs/Atmel/ATmega_DFP/2.0.401/xc8/avr/lib/avr5/memx-const\libatmega32u4.a(eerd_word.o)
 .debug_line    0x00000000000007d9      0x110 C:/Program Files (x86)/Atmel/Studio/7.0/Packs/Atmel/ATmega_DFP/2.0.401/xc8/avr/lib/avr5/memx-const\libatmega32u4.a(eeupd_block_M.o)
 .debug_line    0x00000000000008e9       0xb9 C:/Program Files (x86)/Atmel/Studio/7.0/Packs/Atmel/ATmega_DFP/2.0.401/xc8/avr/lib/avr5/memx-const\libatmega32u4.a(eeupd_byte.o)
 .debug_line    0x00000000000009a2       0x7e C:/Program Files (x86)/Atmel/Studio/7.0/Packs/Atmel/ATmega_DFP/2.0.401/xc8/avr/lib/avr5/memx-const\libatmega32u4.a(eeupd_dword.o)
 .debug_line    0x0000000000000a20       0x65 C:/Program Files (x86)/Atmel/Studio/7.0/Packs/Atmel/ATmega_DFP/2.0.401/xc8/avr/lib/avr5/memx-const\libatmega32u4.a(eeupd_word.o)
 .debug_line    0x0000000000000a85       0xe5 C:/Program Files (x86)/Atmel/Studio/7.0/Packs/Atmel/ATmega_DFP/2.0.401/xc8/avr/lib/avr5/memx-const\libatmega32u4.a(eewr_block_M.o)
 .debug_line    0x0000000000000b6a       0xa1 C:/Program Files (x86)/Atmel/Studio/7.0/Packs/Atmel/ATmega_DFP/2.0.401/xc8/avr/lib/avr5/memx-const\libatmega32u4.a(eewr_byte.o)
 .debug_line    0x0000000000000c0b       0x6b C:/Program Files (x86)/Atmel/Studio/7.0/Packs/Atmel/ATmega_DFP/2.0.401/xc8/avr/lib/avr5/memx-const\libatmega32u4.a(eewr_dword.o)
 .debug_line    0x0000000000000c76       0x5e C:/Program Files (x86)/Atmel/Studio/7.0/Packs/Atmel/ATmega_DFP/2.0.401/xc8/avr/lib/avr5/memx-const\libatmega32u4.a(eewr_word.o)

.debug_frame    0x0000000000000000      0x108
 *(.debug_frame)
 .debug_frame   0x0000000000000000       0x74 Library/atmega32u4mapping.o
 .debug_frame   0x0000000000000074       0x24 Library/atmegaeeprom.o
 .debug_frame   0x0000000000000098       0x70 main.o

.debug_str      0x0000000000000000      0x3a6
 *(.debug_str)
 .debug_str     0x0000000000000000      0x371 C:/Program Files (x86)/Atmel/Studio/7.0/Packs/Atmel/ATmega_DFP/2.0.401/xc8/avr/lib/avr5/memx-const/crtatmega32u4.o
 .debug_str     0x0000000000000371       0x12 Library/atmega32u4mapping.o
 .debug_str     0x0000000000000383        0x0 Library/atmegaeeprom.o
 .debug_str     0x0000000000000383       0x23 main.o

.debug_loc      0x0000000000000000      0x161
 *(.debug_loc)
 .debug_loc     0x0000000000000000       0xa3 Library/atmega32u4mapping.o
 .debug_loc     0x00000000000000a3       0x20 Library/atmegaeeprom.o
 .debug_loc     0x00000000000000c3       0x9e main.o

.debug_macinfo
 *(.debug_macinfo)

.debug_weaknames
 *(.debug_weaknames)

.debug_funcnames
 *(.debug_funcnames)

.debug_typenames
 *(.debug_typenames)

.debug_varnames
 *(.debug_varnames)

.debug_pubtypes
 *(.debug_pubtypes)

.debug_ranges   0x0000000000000000       0x68
 *(.debug_ranges)
 .debug_ranges  0x0000000000000000       0x38 Library/atmega32u4mapping.o
 .debug_ranges  0x0000000000000038       0x10 Library/atmegaeeprom.o
 .debug_ranges  0x0000000000000048       0x20 main.o

.debug_macro
 *(.debug_macro)
OUTPUT(Atmega32U4_1.elf elf32-avr)
LOAD linker stubs
LOAD data_init

.note.gnu.avr.deviceinfo
                0x0000000000000000       0x40
 .note.gnu.avr.deviceinfo
                0x0000000000000000       0x40 C:/Program Files (x86)/Atmel/Studio/7.0/Packs/Atmel/ATmega_DFP/2.0.401/xc8/avr/lib/avr5/memx-const/crtatmega32u4.o

.text.ATMEGA32U4enable
                0x0000000000000106      0x172
 .text.ATMEGA32U4enable
                0x0000000000000106      0x172 Library/atmega32u4mapping.o
                0x0000000000000106                ATMEGA32U4enable

.text.main      0x0000000000000278       0xe6
 .text.main     0x0000000000000278       0xe6 main.o
                0x0000000000000278                main

.text.EEPROMenable
                0x000000000000035e       0x66
 .text.EEPROMenable
                0x000000000000035e       0x66 Library/atmegaeeprom.o
                0x000000000000035e                EEPROMenable

.text.avrlibc   0x00000000000003c4       0x44
 .text.avrlibc  0x00000000000003c4       0x44 C:/Program Files (x86)/Atmel/Studio/7.0/Packs/Atmel/ATmega_DFP/2.0.401/xc8/avr/lib/avr5/memx-const\libatmega32u4.a(eeupd_block_M.o)
                0x00000000000003c4                eeprom_update_block

.text.avrlibc   0x0000000000000408       0x36
 .text.avrlibc  0x0000000000000408       0x36 C:/Program Files (x86)/Atmel/Studio/7.0/Packs/Atmel/ATmega_DFP/2.0.401/xc8/avr/lib/avr5/memx-const\libatmega32u4.a(eewr_block_M.o)
                0x0000000000000408                eeprom_write_block

.text.__vector_20
                0x000000000000043e       0x2e
 .text.__vector_20
                0x000000000000043e       0x2e main.o
                0x000000000000043e                __vector_20

.text.avrlibc   0x000000000000046c       0x24
 .text.avrlibc  0x000000000000046c       0x24 C:/Program Files (x86)/Atmel/Studio/7.0/Packs/Atmel/ATmega_DFP/2.0.401/xc8/avr/lib/avr5/memx-const\libatmega32u4.a(eerd_block.o)
                0x000000000000046c                eeprom_read_block
                0x0000000000000474                eeprom_read_blraw

.text.avrlibc   0x0000000000000490       0x24
 .text.avrlibc  0x0000000000000490       0x24 C:/Program Files (x86)/Atmel/Studio/7.0/Packs/Atmel/ATmega_DFP/2.0.401/xc8/avr/lib/avr5/memx-const\libatmega32u4.a(eeupd_byte.o)
                0x0000000000000490                eeprom_update_byte
                0x0000000000000492                eeprom_update_r18

.text.PORTINIC  0x00000000000004b4       0x22
 .text.PORTINIC
                0x00000000000004b4       0x22 main.o
                0x00000000000004b4                PORTINIC

.text.avrlibc   0x00000000000004d6       0x1c
 .text.avrlibc  0x00000000000004d6       0x1c C:/Program Files (x86)/Atmel/Studio/7.0/Packs/Atmel/ATmega_DFP/2.0.401/xc8/avr/lib/avr5/memx-const\libatmega32u4.a(eewr_byte.o)
                0x00000000000004d6                eeprom_write_byte
                0x00000000000004d8                eeprom_write_r18

.text.avrlibc   0x00000000000004f2       0x18
 .text.avrlibc  0x00000000000004f2       0x18 C:/Program Files (x86)/Atmel/Studio/7.0/Packs/Atmel/ATmega_DFP/2.0.401/xc8/avr/lib/avr5/memx-const\libatmega32u4.a(eeupd_dword.o)
                0x00000000000004f2                eeprom_update_float
                0x00000000000004f2                eeprom_update_dword

.text.exit      0x000000000000050a       0x16
 .text.exit     0x000000000000050a       0x16 c:/program files/microchip/xc8/v2.41/avr/bin/../lib/gcc/avr/5.4.0/../../../../avr/lib/avr5/memx-const\libc.a(exit.o)
                0x000000000000050a                exit

.text.avrlibc   0x0000000000000520       0x12
 .text.avrlibc  0x0000000000000520       0x12 C:/Program Files (x86)/Atmel/Studio/7.0/Packs/Atmel/ATmega_DFP/2.0.401/xc8/avr/lib/avr5/memx-const\libatmega32u4.a(eerd_byte.o)
                0x0000000000000520                eeprom_read_byte

.text.ATMEGA32U4_ReadHLByte
                0x0000000000000532       0x10
 .text.ATMEGA32U4_ReadHLByte
                0x0000000000000532       0x10 Library/atmega32u4mapping.o
                0x0000000000000532                ATMEGA32U4_ReadHLByte

.text.ATMEGA32U4_ReadLHByte
                0x0000000000000542       0x10
 .text.ATMEGA32U4_ReadLHByte
                0x0000000000000542       0x10 Library/atmega32u4mapping.o
                0x0000000000000542                ATMEGA32U4_ReadLHByte

.text.avrlibc   0x0000000000000552       0x10
 .text.avrlibc  0x0000000000000552       0x10 C:/Program Files (x86)/Atmel/Studio/7.0/Packs/Atmel/ATmega_DFP/2.0.401/xc8/avr/lib/avr5/memx-const\libatmega32u4.a(eewr_dword.o)
                0x0000000000000552                eeprom_write_dword
                0x0000000000000552                eeprom_write_float

.text.avrlibc   0x0000000000000562        0xe
 .text.avrlibc  0x0000000000000562        0xe C:/Program Files (x86)/Atmel/Studio/7.0/Packs/Atmel/ATmega_DFP/2.0.401/xc8/avr/lib/avr5/memx-const\libatmega32u4.a(eerd_word.o)
                0x0000000000000562                eeprom_read_word

.text.avrlibc   0x0000000000000570        0xc
 .text.avrlibc  0x0000000000000570        0xc C:/Program Files (x86)/Atmel/Studio/7.0/Packs/Atmel/ATmega_DFP/2.0.401/xc8/avr/lib/avr5/memx-const\libatmega32u4.a(eeupd_word.o)
                0x0000000000000570                eeprom_update_word

.text.avrlibc   0x000000000000057c        0xa
 .text.avrlibc  0x000000000000057c        0xa C:/Program Files (x86)/Atmel/Studio/7.0/Packs/Atmel/ATmega_DFP/2.0.401/xc8/avr/lib/avr5/memx-const\libatmega32u4.a(eewr_word.o)
                0x000000000000057c                eeprom_write_word

.text.libgcc    0x0000000000000586        0xa
 .text.libgcc   0x0000000000000586        0xa c:/program files/microchip/xc8/v2.41/avr/bin/../lib/gcc/avr/5.4.0/avr5/memx-const\libgcc.a(_xload_1.o)
                0x0000000000000586                __xload_1

.text.ATMEGA32U4_WriteLHByte
                0x0000000000000590        0x8
 .text.ATMEGA32U4_WriteLHByte
                0x0000000000000590        0x8 Library/atmega32u4mapping.o
                0x0000000000000590                ATMEGA32U4_WriteLHByte

.text.ATMEGA32U4_SwapByte
                0x0000000000000598        0x8
 .text.ATMEGA32U4_SwapByte
                0x0000000000000598        0x8 Library/atmega32u4mapping.o
                0x0000000000000598                ATMEGA32U4_SwapByte

.text           0x00000000000005a0        0x4
 .text          0x00000000000005a0        0x4 C:/Program Files (x86)/Atmel/Studio/7.0/Packs/Atmel/ATmega_DFP/2.0.401/xc8/avr/lib/avr5/memx-const/crtatmega32u4.o
                0x00000000000005a0                __vector_38
                0x00000000000005a0                __vector_22
                0x00000000000005a0                __vector_28
                0x00000000000005a0                __vector_1
                0x00000000000005a0                __vector_32
                0x00000000000005a0                __vector_34
                0x00000000000005a0                __vector_24
                0x00000000000005a0                __vector_12
                0x00000000000005a0                __bad_interrupt
                0x00000000000005a0                __vector_6
                0x00000000000005a0                __vector_31
                0x00000000000005a0                __vector_35
                0x00000000000005a0                __vector_39
                0x00000000000005a0                __vector_3
                0x00000000000005a0                __vector_23
                0x00000000000005a0                __vector_30
                0x00000000000005a0                __vector_25
                0x00000000000005a0                __vector_11
                0x00000000000005a0                __vector_13
                0x00000000000005a0                __vector_17
                0x00000000000005a0                __vector_19
                0x00000000000005a0                __vector_7
                0x00000000000005a0                __vector_41
                0x00000000000005a0                __vector_27
                0x00000000000005a0                __vector_5
                0x00000000000005a0                __vector_33
                0x00000000000005a0                __vector_37
                0x00000000000005a0                __vector_4
                0x00000000000005a0                __vector_9
                0x00000000000005a0                __vector_2
                0x00000000000005a0                __vector_21
                0x00000000000005a0                __vector_15
                0x00000000000005a0                __vector_36
                0x00000000000005a0                __vector_29
                0x00000000000005a0                __vector_40
                0x00000000000005a0                __vector_8
                0x00000000000005a0                __vector_26
                0x00000000000005a0                __vector_14
                0x00000000000005a0                __vector_10
                0x00000000000005a0                __vector_16
                0x00000000000005a0                __vector_18
                0x00000000000005a0                __vector_42

.text._Exit     0x00000000000005a4        0x4
 .text._Exit    0x00000000000005a4        0x4 c:/program files/microchip/xc8/v2.41/avr/bin/../lib/gcc/avr/5.4.0/../../../../avr/lib/avr5/memx-const\libc.a(_Exit.o)
                0x00000000000005a4                _Exit

.text.ATMEGA32U4_WriteHLByte
                0x00000000000005a8        0x2
 .text.ATMEGA32U4_WriteHLByte
                0x00000000000005a8        0x2 Library/atmega32u4mapping.o
                0x00000000000005a8                ATMEGA32U4_WriteHLByte

.text.__dummy_fini
                0x00000000000005aa        0x2
 .text.__dummy_fini
                0x00000000000005aa        0x2 c:/program files/microchip/xc8/v2.41/avr/bin/../lib/gcc/avr/5.4.0/../../../../avr/lib/avr5/memx-const\libc.a(exit.o)
                0x00000000000005aa                _fini

.text.__dummy_funcs_on_exit
                0x00000000000005ac        0x2
 .text.__dummy_funcs_on_exit
                0x00000000000005ac        0x2 c:/program files/microchip/xc8/v2.41/avr/bin/../lib/gcc/avr/5.4.0/../../../../avr/lib/avr5/memx-const\libc.a(exit.o)
                0x00000000000005ac                __funcs_on_exit

.text.__dummy_simulator_exit
                0x00000000000005ae        0x2
 .text.__dummy_simulator_exit
                0x00000000000005ae        0x2 c:/program files/microchip/xc8/v2.41/avr/bin/../lib/gcc/avr/5.4.0/../../../../avr/lib/avr5/memx-const\libc.a(exit.o)
                0x00000000000005ae                __simulator_exit
